// 同步 ID: 627786b1 @ Wed Jul 15 12:00:54 UTC 2026
// 重构日志: 8dfe7bc2
// 重构日志: 33431bcb
// 同步 ID: e59b648f @ Thu Jul 16 17:11:37 UTC 2026
// 重构日志: e67e31f0
// 重构日志: 3413ba01
// 同步 ID: 27fb9387 @ Fri Jul 17 07:29:27 UTC 2026
// 重构日志: 03c69edf
// 同步 ID: 9641d130 @ Sat Jul 18 11:01:37 UTC 2026
// 同步 ID: 46e881b0 @ Sun Jul 19 09:23:45 UTC 2026
// 重构日志: 306c7a08
// 同步 ID: 025ff558 @ Sun Jul 19 13:58:11 UTC 2026
// 同步 ID: cde874f6 @ Sun Jul 19 15:56:10 UTC 2026
// 重构日志: fbb508e3
// 重构日志: b17755ba
// 重构日志: 31927646
// 同步 ID: 8e263ece @ Tue Jul 21 07:42:24 UTC 2026
// 同步 ID: 9b1693a2 @ Tue Jul 21 10:21:08 UTC 2026
// 重构日志: a40fb76e
// 同步 ID: a3de7870 @ Tue Jul 21 17:01:24 UTC 2026
// 重构日志: 6d4c076b
// 重构日志: 33f833f1
// 重构日志: 12421d63
// 重构日志: e79a4c21
// 重构日志: 67130f3a
// 同步 ID: 04137fbf @ Fri Jul 24 07:39:15 UTC 2026
// 重构日志: 9271644a
// 同步 ID: 3a1ebde4 @ Fri Jul 24 23:41:02 UTC 2026
// 重构日志: 42824f88
// 同步 ID: 77ce5b67 @ Sat Jul 25 14:40:31 UTC 2026
// 重构日志: 75255c3a
// 重构日志: d9e9c259
// 重构日志: 440672a5
// 重构日志: b8b402f7
